../App/Middle/gui/GUI.c:32:6:GUI_DrawPoint	16	static
../App/Middle/gui/GUI.c:49:6:LCD_Fill	32	static
../App/Middle/gui/GUI.c:73:6:LCD_DrawLine	64	static
../App/Middle/gui/GUI.c:119:6:LCD_DrawRectangle	24	static
../App/Middle/gui/GUI.c:138:6:LCD_DrawFillRectangle	32	static
../App/Middle/gui/GUI.c:154:6:_draw_circle_8	24	static
../App/Middle/gui/GUI.c:183:6:gui_circle	48	static
../App/Middle/gui/GUI.c:233:6:Draw_Triangel	24	static
../App/Middle/gui/GUI.c:240:13:_swap	24	static
../App/Middle/gui/GUI.c:260:6:Fill_Triangel	72	static
../App/Middle/gui/GUI.c:358:6:LCD_ShowTitle	40	static
../App/Middle/gui/GUI.c:376:5:LCD_ShowOption	48	static
../App/Middle/gui/GUI.c:398:6:LCD_ShowChar	32	static
../App/Middle/gui/GUI.c:450:6:LCD_ShowString	48	static
../App/Middle/gui/GUI.c:469:6:LCD_ShowNumAndStr	72	static
../App/Middle/gui/GUI.c:519:6:LCD_ShowStrAndStr	40	static
../App/Middle/gui/GUI.c:535:6:LCD_ShowButton	56	static
../App/Middle/gui/GUI.c:558:5:LCD_ShowDevice	56	static
../App/Middle/gui/GUI.c:586:6:LCD_UpdateDeviceState	40	static
../App/Middle/gui/GUI.c:606:6:LCD_ShowEditNum	56	static
../App/Middle/gui/GUI.c:632:6:LCD_UpdateEditNum	80	static
../App/Middle/gui/GUI.c:702:6:LCD_ShowBtnUpDown	40	static
../App/Middle/gui/GUI.c:718:6:LCD_UpdateBtnUpDown	16	static
../App/Middle/gui/GUI.c:730:5:mypow	24	static
../App/Middle/gui/GUI.c:748:6:LCD_ShowNum	56	static
../App/Middle/gui/GUI.c:780:6:GUI_DrawFont16	32	static
../App/Middle/gui/GUI.c:839:6:GUI_DrawFont24	32	static
../App/Middle/gui/GUI.c:895:6:GUI_DrawFont32	32	static
../App/Middle/gui/GUI.c:951:6:Show_Str	48	static
../App/Middle/gui/GUI.c:1018:6:Gui_StrCenterV2	48	static
../App/Middle/gui/GUI.c:1038:6:Gui_StrCenter	48	static
../App/Middle/gui/GUI.c:1053:6:Gui_Drawbmp16	24	static
../App/Middle/gui/GUI.c:1067:6:showimage	48	static
