Archive member included to satisfy reference by file (symbol)

c:/st/stm32cubeide_1.10.1/stm32cubeide/plugins/com.st.stm32cube.ide.mcu.externaltools.gnu-tools-for-stm32.10.3-2021.10.win32_1.0.0.202111181127/tools/bin/../lib/gcc/arm-none-eabi/10.3.1/../../../../arm-none-eabi/lib/thumb/v7e-m+fp/hard\libc_nano.a(lib_a-errno.o)
                              ./Src/syscalls.o (__errno)
c:/st/stm32cubeide_1.10.1/stm32cubeide/plugins/com.st.stm32cube.ide.mcu.externaltools.gnu-tools-for-stm32.10.3-2021.10.win32_1.0.0.202111181127/tools/bin/../lib/gcc/arm-none-eabi/10.3.1/../../../../arm-none-eabi/lib/thumb/v7e-m+fp/hard\libc_nano.a(lib_a-exit.o)
                              c:/st/stm32cubeide_1.10.1/stm32cubeide/plugins/com.st.stm32cube.ide.mcu.externaltools.gnu-tools-for-stm32.10.3-2021.10.win32_1.0.0.202111181127/tools/bin/../lib/gcc/arm-none-eabi/10.3.1/../../../../arm-none-eabi/lib/thumb/v7e-m+fp/hard/crt0.o (exit)
c:/st/stm32cubeide_1.10.1/stm32cubeide/plugins/com.st.stm32cube.ide.mcu.externaltools.gnu-tools-for-stm32.10.3-2021.10.win32_1.0.0.202111181127/tools/bin/../lib/gcc/arm-none-eabi/10.3.1/../../../../arm-none-eabi/lib/thumb/v7e-m+fp/hard\libc_nano.a(lib_a-impure.o)
                              c:/st/stm32cubeide_1.10.1/stm32cubeide/plugins/com.st.stm32cube.ide.mcu.externaltools.gnu-tools-for-stm32.10.3-2021.10.win32_1.0.0.202111181127/tools/bin/../lib/gcc/arm-none-eabi/10.3.1/../../../../arm-none-eabi/lib/thumb/v7e-m+fp/hard\libc_nano.a(lib_a-exit.o) (_global_impure_ptr)
c:/st/stm32cubeide_1.10.1/stm32cubeide/plugins/com.st.stm32cube.ide.mcu.externaltools.gnu-tools-for-stm32.10.3-2021.10.win32_1.0.0.202111181127/tools/bin/../lib/gcc/arm-none-eabi/10.3.1/../../../../arm-none-eabi/lib/thumb/v7e-m+fp/hard\libc_nano.a(lib_a-init.o)
                              c:/st/stm32cubeide_1.10.1/stm32cubeide/plugins/com.st.stm32cube.ide.mcu.externaltools.gnu-tools-for-stm32.10.3-2021.10.win32_1.0.0.202111181127/tools/bin/../lib/gcc/arm-none-eabi/10.3.1/../../../../arm-none-eabi/lib/thumb/v7e-m+fp/hard/crt0.o (__libc_init_array)
c:/st/stm32cubeide_1.10.1/stm32cubeide/plugins/com.st.stm32cube.ide.mcu.externaltools.gnu-tools-for-stm32.10.3-2021.10.win32_1.0.0.202111181127/tools/bin/../lib/gcc/arm-none-eabi/10.3.1/../../../../arm-none-eabi/lib/thumb/v7e-m+fp/hard\libc_nano.a(lib_a-memset.o)
                              c:/st/stm32cubeide_1.10.1/stm32cubeide/plugins/com.st.stm32cube.ide.mcu.externaltools.gnu-tools-for-stm32.10.3-2021.10.win32_1.0.0.202111181127/tools/bin/../lib/gcc/arm-none-eabi/10.3.1/../../../../arm-none-eabi/lib/thumb/v7e-m+fp/hard/crt0.o (memset)
c:/st/stm32cubeide_1.10.1/stm32cubeide/plugins/com.st.stm32cube.ide.mcu.externaltools.gnu-tools-for-stm32.10.3-2021.10.win32_1.0.0.202111181127/tools/bin/../lib/gcc/arm-none-eabi/10.3.1/../../../../arm-none-eabi/lib/thumb/v7e-m+fp/hard\libc_nano.a(lib_a-strlen.o)
                              ./App/Middle/gui/GUI.o (strlen)

Discarded input sections

 .text          0x0000000000000000        0x0 c:/st/stm32cubeide_1.10.1/stm32cubeide/plugins/com.st.stm32cube.ide.mcu.externaltools.gnu-tools-for-stm32.10.3-2021.10.win32_1.0.0.202111181127/tools/bin/../lib/gcc/arm-none-eabi/10.3.1/thumb/v7e-m+fp/hard/crti.o
 .data          0x0000000000000000        0x0 c:/st/stm32cubeide_1.10.1/stm32cubeide/plugins/com.st.stm32cube.ide.mcu.externaltools.gnu-tools-for-stm32.10.3-2021.10.win32_1.0.0.202111181127/tools/bin/../lib/gcc/arm-none-eabi/10.3.1/thumb/v7e-m+fp/hard/crti.o
 .bss           0x0000000000000000        0x0 c:/st/stm32cubeide_1.10.1/stm32cubeide/plugins/com.st.stm32cube.ide.mcu.externaltools.gnu-tools-for-stm32.10.3-2021.10.win32_1.0.0.202111181127/tools/bin/../lib/gcc/arm-none-eabi/10.3.1/thumb/v7e-m+fp/hard/crti.o
 .data          0x0000000000000000        0x4 c:/st/stm32cubeide_1.10.1/stm32cubeide/plugins/com.st.stm32cube.ide.mcu.externaltools.gnu-tools-for-stm32.10.3-2021.10.win32_1.0.0.202111181127/tools/bin/../lib/gcc/arm-none-eabi/10.3.1/thumb/v7e-m+fp/hard/crtbegin.o
 .rodata        0x0000000000000000       0x24 c:/st/stm32cubeide_1.10.1/stm32cubeide/plugins/com.st.stm32cube.ide.mcu.externaltools.gnu-tools-for-stm32.10.3-2021.10.win32_1.0.0.202111181127/tools/bin/../lib/gcc/arm-none-eabi/10.3.1/thumb/v7e-m+fp/hard/crtbegin.o
 .text          0x0000000000000000       0x7c c:/st/stm32cubeide_1.10.1/stm32cubeide/plugins/com.st.stm32cube.ide.mcu.externaltools.gnu-tools-for-stm32.10.3-2021.10.win32_1.0.0.202111181127/tools/bin/../lib/gcc/arm-none-eabi/10.3.1/../../../../arm-none-eabi/lib/thumb/v7e-m+fp/hard/crt0.o
 .data          0x0000000000000000        0x0 c:/st/stm32cubeide_1.10.1/stm32cubeide/plugins/com.st.stm32cube.ide.mcu.externaltools.gnu-tools-for-stm32.10.3-2021.10.win32_1.0.0.202111181127/tools/bin/../lib/gcc/arm-none-eabi/10.3.1/../../../../arm-none-eabi/lib/thumb/v7e-m+fp/hard/crt0.o
[...]
Memory Configuration

Name             Origin             Length             Attributes
RAM              0x0000000020000000 0x0000000000018000 xrw
FLASH            0x0000000008000000 0x0000000000080000 xr
*default*        0x0000000000000000 0xffffffffffffffff

Linker script and memory map

LOAD c:/st/stm32cubeide_1.10.1/stm32cubeide/plugins/com.st.stm32cube.ide.mcu.externaltools.gnu-tools-for-stm32.10.3-2021.10.win32_1.0.0.202111181127/tools/bin/../lib/gcc/arm-none-eabi/10.3.1/thumb/v7e-m+fp/hard/crti.o
LOAD c:/st/stm32cubeide_1.10.1/stm32cubeide/plugins/com.st.stm32cube.ide.mcu.externaltools.gnu-tools-for-stm32.10.3-2021.10.win32_1.0.0.202111181127/tools/bin/../lib/gcc/arm-none-eabi/10.3.1/thumb/v7e-m+fp/hard/crtbegin.o
LOAD c:/st/stm32cubeide_1.10.1/stm32cubeide/plugins/com.st.stm32cube.ide.mcu.externaltools.gnu-tools-for-stm32.10.3-2021.10.win32_1.0.0.202111181127/tools/bin/../lib/gcc/arm-none-eabi/10.3.1/../../../../arm-none-eabi/lib/thumb/v7e-m+fp/hard/crt0.o
LOAD ./App/Driver/CMSIS/Source/system_stm32f4xx.o
LOAD ./App/Driver/STM32F401RE_StdPeriph_Driver/src/misc.o
LOAD ./App/Driver/STM32F401RE_StdPeriph_Driver/src/stm32f401re_adc.o
LOAD ./App/Driver/STM32F401RE_StdPeriph_Driver/src/stm32f401re_dma.o
LOAD ./App/Driver/STM32F401RE_StdPeriph_Driver/src/stm32f401re_exti.o
LOAD ./App/Driver/STM32F401RE_StdPeriph_Driver/src/stm32f401re_gpio.o
LOAD ./App/Driver/STM32F401RE_StdPeriph_Driver/src/stm32f401re_i2c.o
LOAD ./App/Driver/STM32F401RE_StdPeriph_Driver/src/stm32f401re_rcc.o
LOAD ./App/Driver/STM32F401RE_StdPeriph_Driver/src/stm32f401re_spi.o
LOAD ./App/Driver/STM32F401RE_StdPeriph_Driver/src/stm32f401re_syscfg.o
LOAD ./App/Driver/STM32F401RE_StdPeriph_Driver/src/stm32f401re_tim.o
LOAD ./App/Driver/STM32F401RE_StdPeriph_Driver/src/stm32f401re_usart.o
LOAD ./App/Middle/button/button-v1-1.o
LOAD ./App/Middle/gui/GUI.o
LOAD ./App/Middle/lcd/lcd.o
LOAD ./App/Middle/led/led.o
LOAD ./App/Middle/menu/menu.o
LOAD ./App/Middle/rtos/eventman.o
LOAD ./App/Middle/rtos/timer.o
LOAD ./App/Middle/sensor/current-sensor/current-sensor.o
LOAD ./App/Middle/sensor/proximity-sensor/proximity-sensor.o
LOAD ./App/Middle/sequence-control/sequence-control.o
LOAD ./App/Middle/spi/SPI.o
LOAD ./App/Middle/utilities/buff.o
LOAD ./App/Middle/utilities/utilities.o
LOAD ./App/Middle/valve/valve.o
LOAD ./App/SYSTEM/delay/delay.o
LOAD ./App/SYSTEM/sys/sys.o
LOAD ./Src/main.o
LOAD ./Src/syscalls.o
LOAD ./Src/sysmem.o
LOAD ./Startup/startup_stm32f401retx.o
START GROUP
LOAD c:/st/stm32cubeide_1.10.1/stm32cubeide/plugins/com.st.stm32cube.ide.mcu.externaltools.gnu-tools-for-stm32.10.3-2021.10.win32_1.0.0.202111181127/tools/bin/../lib/gcc/arm-none-eabi/10.3.1/../../../../arm-none-eabi/lib/thumb/v7e-m+fp/hard\libc_nano.a
LOAD c:/st/stm32cubeide_1.10.1/stm32cubeide/plugins/com.st.stm32cube.ide.mcu.externaltools.gnu-tools-for-stm32.10.3-2021.10.win32_1.0.0.202111181127/tools/bin/../lib/gcc/arm-none-eabi/10.3.1/../../../../arm-none-eabi/lib/thumb/v7e-m+fp/hard\libm.a
END GROUP
START GROUP
LOAD c:/st/stm32cubeide_1.10.1/stm32cubeide/plugins/com.st.stm32cube.ide.mcu.externaltools.gnu-tools-for-stm32.10.3-2021.10.win32_1.0.0.202111181127/tools/bin/../lib/gcc/arm-none-eabi/10.3.1/thumb/v7e-m+fp/hard\libgcc.a
LOAD c:/st/stm32cubeide_1.10.1/stm32cubeide/plugins/com.st.stm32cube.ide.mcu.externaltools.gnu-tools-for-stm32.10.3-2021.10.win32_1.0.0.202111181127/tools/bin/../lib/gcc/arm-none-eabi/10.3.1/../../../../arm-none-eabi/lib/thumb/v7e-m+fp/hard\libc_nano.a
END GROUP
START GROUP
LOAD c:/st/stm32cubeide_1.10.1/stm32cubeide/plugins/com.st.stm32cube.ide.mcu.externaltools.gnu-tools-for-stm32.10.3-2021.10.win32_1.0.0.202111181127/tools/bin/../lib/gcc/arm-none-eabi/10.3.1/thumb/v7e-m+fp/hard\libgcc.a
LOAD c:/st/stm32cubeide_1.10.1/stm32cubeide/plugins/com.st.stm32cube.ide.mcu.externaltools.gnu-tools-for-stm32.10.3-2021.10.win32_1.0.0.202111181127/tools/bin/../lib/gcc/arm-none-eabi/10.3.1/../../../../arm-none-eabi/lib/thumb/v7e-m+fp/hard\libc_nano.a
LOAD c:/st/stm32cubeide_1.10.1/stm32cubeide/plugins/com.st.stm32cube.ide.mcu.externaltools.gnu-tools-for-stm32.10.3-2021.10.win32_1.0.0.202111181127/tools/bin/../lib/gcc/arm-none-eabi/10.3.1/../../../../arm-none-eabi/lib/thumb/v7e-m+fp/hard\libnosys.a
END GROUP
START GROUP
LOAD c:/st/stm32cubeide_1.10.1/stm32cubeide/plugins/com.st.stm32cube.ide.mcu.externaltools.gnu-tools-for-stm32.10.3-2021.10.win32_1.0.0.202111181127/tools/bin/../lib/gcc/arm-none-eabi/10.3.1/thumb/v7e-m+fp/hard\libgcc.a
LOAD c:/st/stm32cubeide_1.10.1/stm32cubeide/plugins/com.st.stm32cube.ide.mcu.externaltools.gnu-tools-for-stm32.10.3-2021.10.win32_1.0.0.202111181127/tools/bin/../lib/gcc/arm-none-eabi/10.3.1/../../../../arm-none-eabi/lib/thumb/v7e-m+fp/hard\libc_nano.a
LOAD c:/st/stm32cubeide_1.10.1/stm32cubeide/plugins/com.st.stm32cube.ide.mcu.externaltools.gnu-tools-for-stm32.10.3-2021.10.win32_1.0.0.202111181127/tools/bin/../lib/gcc/arm-none-eabi/10.3.1/../../../../arm-none-eabi/lib/thumb/v7e-m+fp/hard\libnosys.a
END GROUP
LOAD c:/st/stm32cubeide_1.10.1/stm32cubeide/plugins/com.st.stm32cube.ide.mcu.externaltools.gnu-tools-for-stm32.10.3-2021.10.win32_1.0.0.202111181127/tools/bin/../lib/gcc/arm-none-eabi/10.3.1/thumb/v7e-m+fp/hard/crtend.o
LOAD c:/st/stm32cubeide_1.10.1/stm32cubeide/plugins/com.st.stm32cube.ide.mcu.externaltools.gnu-tools-for-stm32.10.3-2021.10.win32_1.0.0.202111181127/tools/bin/../lib/gcc/arm-none-eabi/10.3.1/thumb/v7e-m+fp/hard/crtn.o
                0x0000000020018000                _estack = (ORIGIN (RAM) + LENGTH (RAM))
                0x0000000000000200                _Min_Heap_Size = 0x200
                0x0000000000000400                _Min_Stack_Size = 0x400

.isr_vector     0x0000000008000000      0x194
                0x0000000008000000                . = ALIGN (0x4)
 *(.isr_vector)
 .isr_vector    0x0000000008000000      0x194 ./Startup/startup_stm32f401retx.o
                0x0000000008000000                g_pfnVectors
                0x0000000008000194                . = ALIGN (0x4)

.text           0x0000000008000194     0x5e84
                0x0000000008000194                . = ALIGN (0x4)
 *(.text)
 .text          0x0000000008000194       0x40 c:/st/stm32cubeide_1.10.1/stm32cubeide/plugins/com.st.stm32cube.ide.mcu.externaltools.gnu-tools-for-stm32.10.3-2021.10.win32_1.0.0.202111181127/tools/bin/../lib/gcc/arm-none-eabi/10.3.1/thumb/v7e-m+fp/hard/crtbegin.o
 .text          0x00000000080001d4       0x10 c:/st/stm32cubeide_1.10.1/stm32cubeide/plugins/com.st.stm32cube.ide.mcu.externaltools.gnu-tools-for-stm32.10.3-2021.10.win32_1.0.0.202111181127/tools/bin/../lib/gcc/arm-none-eabi/10.3.1/../../../../arm-none-eabi/lib/thumb/v7e-m+fp/hard\libc_nano.a(lib_a-strlen.o)
                0x00000000080001d4                strlen
 *(.text*)
 .text.SystemInit
                0x00000000080001e4       0x6c ./App/Driver/CMSIS/Source/system_stm32f4xx.o
                0x00000000080001e4                SystemInit
 .text.SystemCoreClockUpdate
                0x0000000008000250      0x104 ./App/Driver/CMSIS/Source/system_stm32f4xx.o
                0x0000000008000250                SystemCoreClockUpdate
 .text.SetSysClock
                0x0000000008000354       0xa4 ./App/Driver/CMSIS/Source/system_stm32f4xx.o
 .text.GPIO_Init
                0x00000000080003f8      0x11e ./App/Driver/STM32F401RE_StdPeriph_Driver/src/stm32f401re_gpio.o
                0x00000000080003f8                GPIO_Init
 .text.GPIO_ReadInputDataBit
                0x0000000008000516       0x34 ./App/Driver/STM32F401RE_StdPeriph_Driver/src/stm32f401re_gpio.o
                0x0000000008000516                GPIO_ReadInputDataBit
 .text.GPIO_SetBits
                0x000000000800054a       0x1e ./App/Driver/STM32F401RE_StdPeriph_Driver/src/stm32f401re_gpio.o
                0x000000000800054a                GPIO_SetBits
 .text.GPIO_ResetBits
                0x0000000008000568       0x1e ./App/Driver/STM32F401RE_StdPeriph_Driver/src/stm32f401re_gpio.o
                0x0000000008000568                GPIO_ResetBits
 .text.GPIO_PinAFConfig
                0x0000000008000586       0x92 ./App/Driver/STM32F401RE_StdPeriph_Driver/src/stm32f401re_gpio.o
                0x0000000008000586                GPIO_PinAFConfig
 .text.RCC_GetClocksFreq
                0x0000000008000618      0x15c ./App/Driver/STM32F401RE_StdPeriph_Driver/src/stm32f401re_rcc.o
                0x0000000008000618                RCC_GetClocksFreq
 .text.RCC_AHB1PeriphClockCmd
                0x0000000008000774       0x40 ./App/Driver/STM32F401RE_StdPeriph_Driver/src/stm32f401re_rcc.o
                0x0000000008000774                RCC_AHB1PeriphClockCmd
 .text.RCC_APB2PeriphClockCmd
                0x00000000080007b4       0x40 ./App/Driver/STM32F401RE_StdPeriph_Driver/src/stm32f401re_rcc.o
                0x00000000080007b4                RCC_APB2PeriphClockCmd
 .text.RCC_APB2PeriphResetCmd
                0x00000000080007f4       0x40 ./App/Driver/STM32F401RE_StdPeriph_Driver/src/stm32f401re_rcc.o
                0x00000000080007f4                RCC_APB2PeriphResetCmd
 .text.SPI_Init
                0x0000000008000834       0x88 ./App/Driver/STM32F401RE_StdPeriph_Driver/src/stm32f401re_spi.o
                0x0000000008000834                SPI_Init
 .text.SPI_Cmd  0x00000000080008bc       0x40 ./App/Driver/STM32F401RE_StdPeriph_Driver/src/stm32f401re_spi.o
                0x00000000080008bc                SPI_Cmd
 .text.buttonInit
                0x00000000080008fc       0x78 ./App/Middle/button/button-v1-1.o
                0x00000000080008fc                buttonInit
 .text.dwCalculatorTime
                0x0000000008000974       0x2e ./App/Middle/button/button-v1-1.o
 *fill*         0x00000000080009a2        0x2 
 .text.processEventButton
                0x00000000080009a4      0x254 ./App/Middle/button/button-v1-1.o
                0x00000000080009a4                processEventButton
 .text.GetEventButton
                0x0000000008000bf8      0x8a8 ./App/Middle/button/button-v1-1.o
 .text.checkEventButton
                0x00000000080014a0       0x60 ./App/Middle/button/button-v1-1.o
 .text.GUI_DrawPoint
                0x0000000008001500       0x2e ./App/Middle/gui/GUI.o
                0x0000000008001500                GUI_DrawPoint
 *fill*         0x000000000800152e        0x2 
 .text.LCD_Fill
                0x0000000008001530       0x98 ./App/Middle/gui/GUI.o
                0x0000000008001530                LCD_Fill
 .text.LCD_DrawLine
                0x00000000080015c8      0x108 ./App/Middle/gui/GUI.o
                0x00000000080015c8                LCD_DrawLine
 .text.LCD_DrawRectangle
                0x00000000080016d0       0x5c ./App/Middle/gui/GUI.o
                0x00000000080016d0                LCD_DrawRectangle
 .text._draw_circle_8
                0x000000000800172c      0x116 ./App/Middle/gui/GUI.o
                0x000000000800172c                _draw_circle_8
 .text.gui_circle
                0x0000000008001842       0xd8 ./App/Middle/gui/GUI.o
                0x0000000008001842                gui_circle
 .text._swap    0x000000000800191a       0x2a ./App/Middle/gui/GUI.o
 .text.Fill_Triangel
                0x0000000008001944      0x254 ./App/Middle/gui/GUI.o
                0x0000000008001944                Fill_Triangel
 .text.LCD_ShowTitle
                0x0000000008001b98       0x66 ./App/Middle/gui/GUI.o
                0x0000000008001b98                LCD_ShowTitle
 .text.LCD_ShowOption
                0x0000000008001bfe       0x86 ./App/Middle/gui/GUI.o
                0x0000000008001bfe                LCD_ShowOption
 .text.LCD_ShowChar
                0x0000000008001c84      0x1b8 ./App/Middle/gui/GUI.o
                0x0000000008001c84                LCD_ShowChar
 .text.LCD_ShowString
                0x0000000008001e3c       0x88 ./App/Middle/gui/GUI.o
                0x0000000008001e3c                LCD_ShowString
 .text.LCD_ShowNumAndStr
                0x0000000008001ec4      0x184 ./App/Middle/gui/GUI.o
                0x0000000008001ec4                LCD_ShowNumAndStr
 .text.LCD_ShowStrAndStr
                0x0000000008002048       0xa4 ./App/Middle/gui/GUI.o
                0x0000000008002048                LCD_ShowStrAndStr
 .text.LCD_ShowButton
                0x00000000080020ec       0xe0 ./App/Middle/gui/GUI.o
                0x00000000080020ec                LCD_ShowButton
 .text.LCD_ShowDevice
                0x00000000080021cc      0x12c ./App/Middle/gui/GUI.o
                0x00000000080021cc                LCD_ShowDevice
 .text.LCD_UpdateDeviceState
                0x00000000080022f8       0x66 ./App/Middle/gui/GUI.o
                0x00000000080022f8                LCD_UpdateDeviceState
 .text.LCD_ShowEditNum
                0x000000000800235e       0x8c ./App/Middle/gui/GUI.o
                0x000000000800235e                LCD_ShowEditNum
 *fill*         0x00000000080023ea        0x2 
 .text.LCD_UpdateEditNum
                0x00000000080023ec      0x134 ./App/Middle/gui/GUI.o
                0x00000000080023ec                LCD_UpdateEditNum
 .text.LCD_ShowBtnUpDown
                0x0000000008002520      0x128 ./App/Middle/gui/GUI.o
                0x0000000008002520                LCD_ShowBtnUpDown
 .text.GUI_DrawFont16
                0x0000000008002648      0x16c ./App/Middle/gui/GUI.o
                0x0000000008002648                GUI_DrawFont16
 .text.GUI_DrawFont24
                0x00000000080027b4      0x164 ./App/Middle/gui/GUI.o
                0x00000000080027b4                GUI_DrawFont24
 .text.GUI_DrawFont32
                0x0000000008002918      0x16c ./App/Middle/gui/GUI.o
                0x0000000008002918                GUI_DrawFont32
 .text.Show_Str
                0x0000000008002a84      0x1a4 ./App/Middle/gui/GUI.o
                0x0000000008002a84                Show_Str
 .text.Gui_StrCenterV2
                0x0000000008002c28       0x6e ./App/Middle/gui/GUI.o
                0x0000000008002c28                Gui_StrCenterV2
 *fill*         0x0000000008002c96        0x2 
 .text.Gui_StrCenter
                0x0000000008002c98       0x70 ./App/Middle/gui/GUI.o
                0x0000000008002c98                Gui_StrCenter
 .text.LCD_WR_REG
                0x0000000008002d08       0x3c ./App/Middle/lcd/lcd.o
                0x0000000008002d08                LCD_WR_REG
 .text.LCD_WR_DATA
                0x0000000008002d44       0x3c ./App/Middle/lcd/lcd.o
                0x0000000008002d44                LCD_WR_DATA
 .text.LCD_WriteReg
                0x0000000008002d80       0x2a ./App/Middle/lcd/lcd.o
                0x0000000008002d80                LCD_WriteReg
 *fill*         0x0000000008002daa        0x2 
 .text.LCD_WriteRAM_Prepare
                0x0000000008002dac       0x18 ./App/Middle/lcd/lcd.o
                0x0000000008002dac                LCD_WriteRAM_Prepare
 .text.Lcd_WriteData_16Bit
                0x0000000008002dc4       0x4c ./App/Middle/lcd/lcd.o
                0x0000000008002dc4                Lcd_WriteData_16Bit
 .text.LCD_SetColorPoint
                0x0000000008002e10       0x20 ./App/Middle/lcd/lcd.o
                0x0000000008002e10                LCD_SetColorPoint
 .text.LCD_DrawPoint
                0x0000000008002e30       0x34 ./App/Middle/lcd/lcd.o
                0x0000000008002e30                LCD_DrawPoint
 .text.LCD_Clear
                0x0000000008002e64       0x80 ./App/Middle/lcd/lcd.o
                0x0000000008002e64                LCD_Clear
 .text.LCD_ClearCursor
                0x0000000008002ee4       0xb0 ./App/Middle/lcd/lcd.o
                0x0000000008002ee4                LCD_ClearCursor
 .text.LCD_GPIOInit
                0x0000000008002f94       0x3c ./App/Middle/lcd/lcd.o
                0x0000000008002f94                LCD_GPIOInit
 .text.LCD_RESET
                0x0000000008002fd0       0x24 ./App/Middle/lcd/lcd.o
                0x0000000008002fd0                LCD_RESET
 .text.LCD_Init
                0x0000000008002ff4      0x254 ./App/Middle/lcd/lcd.o
                0x0000000008002ff4                LCD_Init
 .text.LCD_SetWindows
                0x0000000008003248       0xa8 ./App/Middle/lcd/lcd.o
                0x0000000008003248                LCD_SetWindows
 .text.LCD_SetCursor
                0x00000000080032f0       0x24 ./App/Middle/lcd/lcd.o
                0x00000000080032f0                LCD_SetCursor
 .text.LCD_direction
                0x0000000008003314       0xa8 ./App/Middle/lcd/lcd.o
                0x0000000008003314                LCD_direction
 .text.controlLed
                0x00000000080033bc       0x98 ./App/Middle/led/led.o
                0x00000000080033bc                controlLed
 .text.ledInit  0x0000000008003454       0x60 ./App/Middle/led/led.o
                0x0000000008003454                ledInit
 .text.updateDataStopHandleCallBack
                0x00000000080034b4       0x20 ./App/Middle/menu/menu.o
                0x00000000080034b4                updateDataStopHandleCallBack
 .text.HMI      0x00000000080034d4      0x2b0 ./App/Middle/menu/menu.o
                0x00000000080034d4                HMI
 .text.processMainMenu
                0x0000000008003784      0x174 ./App/Middle/menu/menu.o
                0x0000000008003784                processMainMenu
 .text.getOptionMainMenu
                0x00000000080038f8       0x30 ./App/Middle/menu/menu.o
                0x00000000080038f8                getOptionMainMenu
 .text.processInfomationOption
                0x0000000008003928       0xe0 ./App/Middle/menu/menu.o
                0x0000000008003928                processInfomationOption
 .text.processPrepareOption
                0x0000000008003a08       0x5c ./App/Middle/menu/menu.o
                0x0000000008003a08                processPrepareOption
 .text.processSetUpAndRunOption
                0x0000000008003a64       0x2c ./App/Middle/menu/menu.o
                0x0000000008003a64                processSetUpAndRunOption
 .text.processSleepOption
                0x0000000008003a90       0x30 ./App/Middle/menu/menu.o
                0x0000000008003a90                processSleepOption
 .text.getChooseSetAndRun
                0x0000000008003ac0     0x10a4 ./App/Middle/menu/menu.o
                0x0000000008003ac0                getChooseSetAndRun
 .text.getChooseMainMenu
                0x0000000008004b64      0x2cc ./App/Middle/menu/menu.o
                0x0000000008004b64                getChooseMainMenu
 .text.getChooseInformation
                0x0000000008004e30      0x270 ./App/Middle/menu/menu.o
                0x0000000008004e30                getChooseInformation
 .text.getChoosePrepare
                0x00000000080050a0      0x40c ./App/Middle/menu/menu.o
                0x00000000080050a0                getChoosePrepare
 .text.NVIC_SetPriority
                0x00000000080054ac       0x54 ./App/Middle/rtos/timer.o
 .text.SysTick_Config
                0x0000000008005500       0x44 ./App/Middle/rtos/timer.o
 .text.TimerInit
                0x0000000008005544       0x44 ./App/Middle/rtos/timer.o
                0x0000000008005544                TimerInit
 .text.GetMilSecTick
                0x0000000008005588       0x18 ./App/Middle/rtos/timer.o
                0x0000000008005588                GetMilSecTick
 .text.SysTick_Handler
                0x00000000080055a0       0x1c ./App/Middle/rtos/timer.o
                0x00000000080055a0                SysTick_Handler
 .text.currentSensorInit
                0x00000000080055bc       0x38 ./App/Middle/sensor/current-sensor/current-sensor.o
                0x00000000080055bc                currentSensorInit
 .text.currentSensorScan
                0x00000000080055f4       0x34 ./App/Middle/sensor/current-sensor/current-sensor.o
                0x00000000080055f4                currentSensorScan
 .text.proximitySensorInit
                0x0000000008005628       0x38 ./App/Middle/sensor/proximity-sensor/proximity-sensor.o
                0x0000000008005628                proximitySensorInit
 .text.proximitySensorScan
                0x0000000008005660       0x78 ./App/Middle/sensor/proximity-sensor/proximity-sensor.o
                0x0000000008005660                proximitySensorScan
 .text.updateDataRunHandleCallBack
                0x00000000080056d8       0x20 ./App/Middle/sequence-control/sequence-control.o
                0x00000000080056d8                updateDataRunHandleCallBack
 .text.setCountValue
                0x00000000080056f8       0x2c ./App/Middle/sequence-control/sequence-control.o
                0x00000000080056f8                setCountValue
 .text.byProcessSequenceControl
                0x0000000008005724      0x258 ./App/Middle/sequence-control/sequence-control.o
                0x0000000008005724                byProcessSequenceControl
 .text.SPI_WriteByte
                0x000000000800597c       0x48 ./App/Middle/spi/SPI.o
                0x000000000800597c                SPI_WriteByte
 .text.SPI1_Init
                0x00000000080059c4       0xb4 ./App/Middle/spi/SPI.o
                0x00000000080059c4                SPI1_Init
 .text.memsetl  0x0000000008005a78       0x34 ./App/Middle/utilities/utilities.o
                0x0000000008005a78                memsetl
 .text.valveInit
                0x0000000008005aac       0x4c ./App/Middle/valve/valve.o
                0x0000000008005aac                valveInit
 .text.valveControl
                0x0000000008005af8       0x80 ./App/Middle/valve/valve.o
                0x0000000008005af8                valveControl
 .text.GetStateValve
                0x0000000008005b78       0x18 ./App/Middle/valve/valve.o
                0x0000000008005b78                GetStateValve
 .text.dwCalculatorTime
                0x0000000008005b90       0x2e ./App/SYSTEM/delay/delay.o
                0x0000000008005b90                dwCalculatorTime
 .text.delay_ms
                0x0000000008005bbe       0x32 ./App/SYSTEM/delay/delay.o
                0x0000000008005bbe                delay_ms
 .text.main     0x0000000008005bf0       0x34 ./Src/main.o
                0x0000000008005bf0                main
 .text.appInitCommon
                0x0000000008005c24       0x48 ./Src/main.o
 .text.setStateApp
                0x0000000008005c6c       0x20 ./Src/main.o
 .text.getStateApp
                0x0000000008005c8c       0x18 ./Src/main.o
 .text.UpDateData
                0x0000000008005ca4       0x5c ./Src/main.o
 .text.appStateManager
                0x0000000008005d00      0x1f0 ./Src/main.o
 .text.proKey   0x0000000008005ef0       0x64 ./Src/main.o
 .text.Reset_Handler
                0x0000000008005f54       0x50 ./Startup/startup_stm32f401retx.o
                0x0000000008005f54                Reset_Handler
 .text.Default_Handler
                0x0000000008005fa4        0x2 ./Startup/startup_stm32f401retx.o
                0x0000000008005fa4                EXTI2_IRQHandler
                0x0000000008005fa4                DebugMon_Handler
                0x0000000008005fa4                SPI4_IRQHandler
                0x0000000008005fa4                TIM1_CC_IRQHandler
                0x0000000008005fa4                HardFault_Handler
                0x0000000008005fa4                SDIO_IRQHandler
                0x0000000008005fa4                TAMP_STAMP_IRQHandler
                0x0000000008005fa4                PendSV_Handler
                0x0000000008005fa4                NMI_Handler
                0x0000000008005fa4                EXTI3_IRQHandler
                0x0000000008005fa4                TIM1_UP_TIM10_IRQHandler
                0x0000000008005fa4                I2C3_ER_IRQHandler
                0x0000000008005fa4                EXTI18_OTG_FS_WKUP_IRQHandler
                0x0000000008005fa4                EXTI0_IRQHandler
                0x0000000008005fa4                I2C2_EV_IRQHandler
                0x0000000008005fa4                FPU_IRQHandler
                0x0000000008005fa4                UsageFault_Handler
                0x0000000008005fa4                SPI1_IRQHandler
                0x0000000008005fa4                TIM1_BRK_TIM9_IRQHandler
                0x0000000008005fa4                USART6_IRQHandler
                0x0000000008005fa4                TIM4_IRQHandler
                0x0000000008005fa4                I2C1_EV_IRQHandler
                0x0000000008005fa4                TIM3_IRQHandler
                0x0000000008005fa4                RCC_IRQHandler
                0x0000000008005fa4                Default_Handler
                0x0000000008005fa4                EXTI15_10_IRQHandler
                0x0000000008005fa4                ADC_IRQHandler
                0x0000000008005fa4                TIM5_IRQHandler
                0x0000000008005fa4                I2C3_EV_IRQHandler
                0x0000000008005fa4                EXTI9_5_IRQHandler
                0x0000000008005fa4                SPI2_IRQHandler
                0x0000000008005fa4                MemManage_Handler
                0x0000000008005fa4                SVC_Handler
                0x0000000008005fa4                EXTI4_IRQHandler
                0x0000000008005fa4                EXTI22_RTC_WKUP_IRQHandler
                0x0000000008005fa4                TIM2_IRQHandler
                0x0000000008005fa4                EXTI16_PVD_IRQHandler
                0x0000000008005fa4                TIM1_TRG_COM_TIM11_IRQHandler
                0x0000000008005fa4                EXTI1_IRQHandler
                0x0000000008005fa4                EXTI17_RTC_Alarm_IRQHandler
                0x0000000008005fa4                USART2_IRQHandler
                0x0000000008005fa4                I2C2_ER_IRQHandler
                0x0000000008005fa4                FLASH_IRQHandler
                0x0000000008005fa4                BusFault_Handler
                0x0000000008005fa4                USART1_IRQHandler
                0x0000000008005fa4                OTG_FS_IRQHandler
                0x0000000008005fa4                SPI3_IRQHandler
                0x0000000008005fa4                I2C1_ER_IRQHandler
 *fill*         0x0000000008005fa6        0x2 
 .text.__libc_init_array
                0x0000000008005fa8       0x48 c:/st/stm32cubeide_1.10.1/stm32cubeide/plugins/com.st.stm32cube.ide.mcu.externaltools.gnu-tools-for-stm32.10.3-2021.10.win32_1.0.0.202111181127/tools/bin/../lib/gcc/arm-none-eabi/10.3.1/../../../../arm-none-eabi/lib/thumb/v7e-m+fp/hard\libc_nano.a(lib_a-init.o)
                0x0000000008005fa8                __libc_init_array
 .text.memset   0x0000000008005ff0       0x10 c:/st/stm32cubeide_1.10.1/stm32cubeide/plugins/com.st.stm32cube.ide.mcu.externaltools.gnu-tools-for-stm32.10.3-2021.10.win32_1.0.0.202111181127/tools/bin/../lib/gcc/arm-none-eabi/10.3.1/../../../../arm-none-eabi/lib/thumb/v7e-m+fp/hard\libc_nano.a(lib_a-memset.o)
                0x0000000008005ff0                memset
 *(.glue_7)
 .glue_7        0x0000000008006000        0x0 linker stubs
 *(.glue_7t)
 .glue_7t       0x0000000008006000        0x0 linker stubs
 *(.eh_frame)
 .eh_frame      0x0000000008006000        0x0 c:/st/stm32cubeide_1.10.1/stm32cubeide/plugins/com.st.stm32cube.ide.mcu.externaltools.gnu-tools-for-stm32.10.3-2021.10.win32_1.0.0.202111181127/tools/bin/../lib/gcc/arm-none-eabi/10.3.1/thumb/v7e-m+fp/hard/crtbegin.o
 *(.init)
 .init          0x0000000008006000        0x4 c:/st/stm32cubeide_1.10.1/stm32cubeide/plugins/com.st.stm32cube.ide.mcu.externaltools.gnu-tools-for-stm32.10.3-2021.10.win32_1.0.0.202111181127/tools/bin/../lib/gcc/arm-none-eabi/10.3.1/thumb/v7e-m+fp/hard/crti.o
                0x0000000008006000                _init
 .init          0x0000000008006004        0x8 c:/st/stm32cubeide_1.10.1/stm32cubeide/plugins/com.st.stm32cube.ide.mcu.externaltools.gnu-tools-for-stm32.10.3-2021.10.win32_1.0.0.202111181127/tools/bin/../lib/gcc/arm-none-eabi/10.3.1/thumb/v7e-m+fp/hard/crtn.o
 *(.fini)
 .fini          0x000000000800600c        0x4 c:/st/stm32cubeide_1.10.1/stm32cubeide/plugins/com.st.stm32cube.ide.mcu.externaltools.gnu-tools-for-stm32.10.3-2021.10.win32_1.0.0.202111181127/tools/bin/../lib/gcc/arm-none-eabi/10.3.1/thumb/v7e-m+fp/hard/crti.o
                0x000000000800600c                _fini
 .fini          0x0000000008006010        0x8 c:/st/stm32cubeide_1.10.1/stm32cubeide/plugins/com.st.stm32cube.ide.mcu.externaltools.gnu-tools-for-stm32.10.3-2021.10.win32_1.0.0.202111181127/tools/bin/../lib/gcc/arm-none-eabi/10.3.1/thumb/v7e-m+fp/hard/crtn.o
                0x0000000008006018                . = ALIGN (0x4)
                0x0000000008006018                _etext = .

.vfp11_veneer   0x0000000008006018        0x0
 .vfp11_veneer  0x0000000008006018        0x0 linker stubs

.v4_bx          0x0000000008006018        0x0
 .v4_bx         0x0000000008006018        0x0 linker stubs

.iplt           0x0000000008006018        0x0
 .iplt          0x0000000008006018        0x0 c:/st/stm32cubeide_1.10.1/stm32cubeide/plugins/com.st.stm32cube.ide.mcu.externaltools.gnu-tools-for-stm32.10.3-2021.10.win32_1.0.0.202111181127/tools/bin/../lib/gcc/arm-none-eabi/10.3.1/thumb/v7e-m+fp/hard/crtbegin.o

.rodata         0x0000000008006018     0x17a4
                0x0000000008006018                . = ALIGN (0x4)
 *(.rodata)
 .rodata        0x0000000008006018       0xde ./App/Middle/menu/menu.o
 *fill*         0x00000000080060f6        0x2 
 .rodata        0x00000000080060f8       0x14 ./Src/main.o
 *(.rodata*)
 .rodata.asc2_1206
                0x000000000800610c      0x474 ./App/Middle/gui/GUI.o
                0x000000000800610c                asc2_1206
 .rodata.asc2_1608
                0x0000000008006580      0x5f0 ./App/Middle/gui/GUI.o
                0x0000000008006580                asc2_1608
 .rodata.tfont16
                0x0000000008006b70      0x83c ./App/Middle/gui/GUI.o
                0x0000000008006b70                tfont16
 .rodata.tfont24
                0x00000000080073ac      0x206 ./App/Middle/gui/GUI.o
                0x00000000080073ac                tfont24
 *fill*         0x00000000080075b2        0x2 
 .rodata.tfont32
                0x00000000080075b4      0x208 ./App/Middle/gui/GUI.o
                0x00000000080075b4                tfont32
                0x00000000080077bc                . = ALIGN (0x4)

.rel.dyn        0x00000000080077bc        0x0
 .rel.iplt      0x00000000080077bc        0x0 c:/st/stm32cubeide_1.10.1/stm32cubeide/plugins/com.st.stm32cube.ide.mcu.externaltools.gnu-tools-for-stm32.10.3-2021.10.win32_1.0.0.202111181127/tools/bin/../lib/gcc/arm-none-eabi/10.3.1/thumb/v7e-m+fp/hard/crtbegin.o

.ARM.extab      0x00000000080077bc        0x0
                0x00000000080077bc                . = ALIGN (0x4)
 *(.ARM.extab* .gnu.linkonce.armextab.*)
                0x00000000080077bc                . = ALIGN (0x4)

.ARM            0x00000000080077bc        0x0
                0x00000000080077bc                . = ALIGN (0x4)
                0x00000000080077bc                __exidx_start = .
 *(.ARM.exidx*)
                0x00000000080077bc                __exidx_end = .
                0x00000000080077bc                . = ALIGN (0x4)

.preinit_array  0x00000000080077bc        0x0
                0x00000000080077bc                . = ALIGN (0x4)
                0x00000000080077bc                PROVIDE (__preinit_array_start = .)
 *(.preinit_array*)
                0x00000000080077bc                PROVIDE (__preinit_array_end = .)
                0x00000000080077bc                . = ALIGN (0x4)

.init_array     0x00000000080077bc        0x4
                0x00000000080077bc                . = ALIGN (0x4)
                0x00000000080077bc                PROVIDE (__init_array_start = .)
 *(SORT_BY_NAME(.init_array.*))
 *(.init_array*)
 .init_array    0x00000000080077bc        0x4 c:/st/stm32cubeide_1.10.1/stm32cubeide/plugins/com.st.stm32cube.ide.mcu.externaltools.gnu-tools-for-stm32.10.3-2021.10.win32_1.0.0.202111181127/tools/bin/../lib/gcc/arm-none-eabi/10.3.1/thumb/v7e-m+fp/hard/crtbegin.o
                0x00000000080077c0                PROVIDE (__init_array_end = .)
                0x00000000080077c0                . = ALIGN (0x4)

.fini_array     0x00000000080077c0        0x4
                0x00000000080077c0                . = ALIGN (0x4)
                [!provide]                        PROVIDE (__fini_array_start = .)
 *(SORT_BY_NAME(.fini_array.*))
 *(.fini_array*)
 .fini_array    0x00000000080077c0        0x4 c:/st/stm32cubeide_1.10.1/stm32cubeide/plugins/com.st.stm32cube.ide.mcu.externaltools.gnu-tools-for-stm32.10.3-2021.10.win32_1.0.0.202111181127/tools/bin/../lib/gcc/arm-none-eabi/10.3.1/thumb/v7e-m+fp/hard/crtbegin.o
                [!provide]                        PROVIDE (__fini_array_end = .)
                0x00000000080077c4                . = ALIGN (0x4)
                0x00000000080077c4                _sidata = LOADADDR (.data)

.data           0x0000000020000000       0x90 load address 0x00000000080077c4
                0x0000000020000000                . = ALIGN (0x4)
                0x0000000020000000                _sdata = .
 *(.data)
 *(.data*)
 .data.SystemCoreClock
                0x0000000020000000        0x4 ./App/Driver/CMSIS/Source/system_stm32f4xx.o
                0x0000000020000000                SystemCoreClock
 .data.AHBPrescTable
                0x0000000020000004       0x10 ./App/Driver/CMSIS/Source/system_stm32f4xx.o
                0x0000000020000004                AHBPrescTable
 .data.APBAHBPrescTable
                0x0000000020000014       0x10 ./App/Driver/STM32F401RE_StdPeriph_Driver/src/stm32f401re_rcc.o
 .data.BACK_COLOR
                0x0000000020000024        0x2 ./App/Middle/lcd/lcd.o
                0x0000000020000024                BACK_COLOR
 *fill*         0x0000000020000026        0x2 
 .data.pMenuMain
                0x0000000020000028       0x64 ./App/Middle/menu/menu.o
 .data.DeviceStateTemp_e.0
                0x000000002000008c        0x1 ./Src/main.o
 *(.RamFunc)
 *(.RamFunc*)
                0x0000000020000090                . = ALIGN (0x4)
 *fill*         0x000000002000008d        0x3 
                0x0000000020000090                _edata = .

.igot.plt       0x0000000020000090        0x0 load address 0x0000000008007854
 .igot.plt      0x0000000020000090        0x0 c:/st/stm32cubeide_1.10.1/stm32cubeide/plugins/com.st.stm32cube.ide.mcu.externaltools.gnu-tools-for-stm32.10.3-2021.10.win32_1.0.0.202111181127/tools/bin/../lib/gcc/arm-none-eabi/10.3.1/thumb/v7e-m+fp/hard/crtbegin.o
                0x0000000020000090                . = ALIGN (0x4)

.bss            0x0000000020000090      0x29c load address 0x0000000008007854
                0x0000000020000090                _sbss = .
                0x0000000020000090                __bss_start__ = _sbss
 *(.bss)
 .bss           0x0000000020000090       0x1c c:/st/stm32cubeide_1.10.1/stm32cubeide/plugins/com.st.stm32cube.ide.mcu.externaltools.gnu-tools-for-stm32.10.3-2021.10.win32_1.0.0.202111181127/tools/bin/../lib/gcc/arm-none-eabi/10.3.1/thumb/v7e-m+fp/hard/crtbegin.o
 *(.bss*)
 .bss.button1   0x00000000200000ac       0x10 ./App/Middle/button/button-v1-1.o
 .bss.button2   0x00000000200000bc       0x10 ./App/Middle/button/button-v1-1.o
 .bss.button3   0x00000000200000cc       0x10 ./App/Middle/button/button-v1-1.o
 .bss.button4   0x00000000200000dc       0x10 ./App/Middle/button/button-v1-1.o
 .bss.button5   0x00000000200000ec       0x10 ./App/Middle/button/button-v1-1.o
 .bss.lcddev    0x00000000200000fc        0xe ./App/Middle/lcd/lcd.o
                0x00000000200000fc                lcddev
 .bss.POINT_COLOR
                0x000000002000010a        0x2 ./App/Middle/lcd/lcd.o
                0x000000002000010a                POINT_COLOR
 .bss.pUpdateDataStopHandle
                0x000000002000010c        0x4 ./App/Middle/menu/menu.o
 .bss.pData     0x0000000020000110       0x14 ./App/Middle/menu/menu.o
 .bss.action    0x0000000020000124        0x1 ./App/Middle/menu/menu.o
                0x0000000020000124                action
 .bss.option    0x0000000020000125        0x1 ./App/Middle/menu/menu.o
 .bss.Flag.16   0x0000000020000126        0x1 ./App/Middle/menu/menu.o
 *fill*         0x0000000020000127        0x1 
 .bss.dwCountMaxTemp.15
                0x0000000020000128        0x4 ./App/Middle/menu/menu.o
 .bss.dwTimeHoldTemp.14
                0x000000002000012c        0x4 ./App/Middle/menu/menu.o
 .bss.flag.13   0x0000000020000130        0x1 ./App/Middle/menu/menu.o
 .bss.Row.12    0x0000000020000131        0x1 ./App/Middle/menu/menu.o
 *fill*         0x0000000020000132        0x2 
 .bss.cursorOfOptionBox.11
                0x0000000020000134       0x14 ./App/Middle/menu/menu.o
 .bss.byFlag.10
                0x0000000020000148        0x1 ./App/Middle/menu/menu.o
 .bss.byRowTemp.9
                0x0000000020000149        0x1 ./App/Middle/menu/menu.o
 .bss.flag.8    0x000000002000014a        0x1 ./App/Middle/menu/menu.o
 .bss.Row.7     0x000000002000014b        0x1 ./App/Middle/menu/menu.o
 .bss.flag.6    0x000000002000014c        0x1 ./App/Middle/menu/menu.o
 *fill*         0x000000002000014d        0x1 
 .bss.xCurrent.5
                0x000000002000014e        0x2 ./App/Middle/menu/menu.o
 .bss.xProHigh.4
                0x0000000020000150        0x2 ./App/Middle/menu/menu.o
 .bss.xProLow.3
                0x0000000020000152        0x2 ./App/Middle/menu/menu.o
 .bss.stateCurrentSS.2
                0x0000000020000154        0x1 ./App/Middle/menu/menu.o
 .bss.eventProximity.1
                0x0000000020000155        0x1 ./App/Middle/menu/menu.o
 .bss.Row.0     0x0000000020000156        0x1 ./App/Middle/menu/menu.o
 *fill*         0x0000000020000157        0x1 
 .bss.g_pTimerHandle
                0x0000000020000158      0x180 ./App/Middle/rtos/timer.o
 .bss.g_wMilSecTickTimer
                0x00000000200002d8        0x4 ./App/Middle/rtos/timer.o
 .bss.pUpdateRunDataHandle
                0x00000000200002dc        0x4 ./App/Middle/sequence-control/sequence-control.o
 .bss.eventDevice
                0x00000000200002e0        0x1 ./App/Middle/sequence-control/sequence-control.o
 *fill*         0x00000000200002e1        0x3 
 .bss.g_dwCountValue
                0x00000000200002e4        0x4 ./App/Middle/sequence-control/sequence-control.o
 .bss.g_dwCountMiss
                0x00000000200002e8        0x4 ./App/Middle/sequence-control/sequence-control.o
 .bss.g_dwCountMax
                0x00000000200002ec        0x4 ./App/Middle/sequence-control/sequence-control.o
 .bss.g_TimeHold
                0x00000000200002f0        0x4 ./App/Middle/sequence-control/sequence-control.o
 .bss.pData     0x00000000200002f4       0x14 ./App/Middle/sequence-control/sequence-control.o
 .bss.dwTimeInit.3
                0x0000000020000308        0x4 ./App/Middle/sequence-control/sequence-control.o
 .bss.dwTimeCurrent.2
                0x000000002000030c        0x4 ./App/Middle/sequence-control/sequence-control.o
 .bss.byCountError.1
                0x0000000020000310        0x1 ./App/Middle/sequence-control/sequence-control.o
 .bss.byFlagTemp.0
                0x0000000020000311        0x1 ./App/Middle/sequence-control/sequence-control.o
 .bss.g_stateValve_1
                0x0000000020000312        0x1 ./App/Middle/valve/valve.o
 .bss.g_stateValve_2
                0x0000000020000313        0x1 ./App/Middle/valve/valve.o
 .bss.g_dwCountMax
                0x0000000020000314        0x4 ./Src/main.o
                0x0000000020000314                g_dwCountMax
 .bss.g_dwCounting
                0x0000000020000318        0x4 ./Src/main.o
                0x0000000020000318                g_dwCounting
 .bss.g_dwCountingTemp
                0x000000002000031c        0x4 ./Src/main.o
 .bss.g_dwCountMiss
                0x0000000020000320        0x4 ./Src/main.o
                0x0000000020000320                g_dwCountMiss
 .bss.g_dwThold
                0x0000000020000324        0x4 ./Src/main.o
                0x0000000020000324                g_dwThold
 .bss.eCurrentState
                0x0000000020000328        0x1 ./Src/main.o
                0x0000000020000328                eCurrentState
 .bss.eDeviceState
                0x0000000020000329        0x1 ./Src/main.o
                0x0000000020000329                eDeviceState
 *(COMMON)
                0x000000002000032c                . = ALIGN (0x4)
 *fill*         0x000000002000032a        0x2 
                0x000000002000032c                _ebss = .
                0x000000002000032c                __bss_end__ = _ebss

._user_heap_stack
                0x000000002000032c      0x604 load address 0x0000000008007854
                0x0000000020000330                . = ALIGN (0x8)
 *fill*         0x000000002000032c        0x4 
                [!provide]                        PROVIDE (end = .)
                0x0000000020000330                PROVIDE (_end = .)
                0x0000000020000530                . = (. + _Min_Heap_Size)
 *fill*         0x0000000020000330      0x200 
                0x0000000020000930                . = (. + _Min_Stack_Size)
 *fill*         0x0000000020000530      0x400 
                0x0000000020000930                . = ALIGN (0x8)

/DISCARD/
 libc.a(*)
 libm.a(*)
 libgcc.a(*)

.ARM.attributes
                0x0000000000000000       0x30
 *(.ARM.attributes)
 .ARM.attributes
                0x0000000000000000       0x1e c:/st/stm32cubeide_1.10.1/stm32cubeide/plugins/com.st.stm32cube.ide.mcu.externaltools.gnu-tools-for-stm32.10.3-2021.10.win32_1.0.0.202111181127/tools/bin/../lib/gcc/arm-none-eabi/10.3.1/thumb/v7e-m+fp/hard/crti.o
 .ARM.attributes
                0x000000000000001e       0x34 c:/st/stm32cubeide_1.10.1/stm32cubeide/plugins/com.st.stm32cube.ide.mcu.externaltools.gnu-tools-for-stm32.10.3-2021.10.win32_1.0.0.202111181127/tools/bin/../lib/gcc/arm-none-eabi/10.3.1/thumb/v7e-m+fp/hard/crtbegin.o
 .ARM.attributes
                0x0000000000000052       0x34 ./App/Driver/CMSIS/Source/system_stm32f4xx.o
 .ARM.attributes
                0x0000000000000086       0x34 ./App/Driver/STM32F401RE_StdPeriph_Driver/src/stm32f401re_gpio.o
 .ARM.attributes
                0x00000000000000ba       0x34 ./App/Driver/STM32F401RE_StdPeriph_Driver/src/stm32f401re_rcc.o
 .ARM.attributes
                0x00000000000000ee       0x34 ./App/Driver/STM32F401RE_StdPeriph_Driver/src/stm32f401re_spi.o
 .ARM.attributes
                0x0000000000000122       0x34 ./App/Middle/button/button-v1-1.o
 .ARM.attributes
                0x0000000000000156       0x34 ./App/Middle/gui/GUI.o
 .ARM.attributes
                0x000000000000018a       0x34 ./App/Middle/lcd/lcd.o
 .ARM.attributes
                0x00000000000001be       0x34 ./App/Middle/led/led.o
 .ARM.attributes
                0x00000000000001f2       0x34 ./App/Middle/menu/menu.o
 .ARM.attributes
                0x0000000000000226       0x34 ./App/Middle/rtos/timer.o
 .ARM.attributes
                0x000000000000025a       0x34 ./App/Middle/sensor/current-sensor/current-sensor.o
 .ARM.attributes
                0x000000000000028e       0x34 ./App/Middle/sensor/proximity-sensor/proximity-sensor.o
 .ARM.attributes
                0x00000000000002c2       0x34 ./App/Middle/sequence-control/sequence-control.o
 .ARM.attributes
                0x00000000000002f6       0x34 ./App/Middle/spi/SPI.o
 .ARM.attributes
                0x000000000000032a       0x34 ./App/Middle/utilities/utilities.o
 .ARM.attributes
                0x000000000000035e       0x34 ./App/Middle/valve/valve.o
 .ARM.attributes
                0x0000000000000392       0x34 ./App/SYSTEM/delay/delay.o
 .ARM.attributes
                0x00000000000003c6       0x34 ./Src/main.o
 .ARM.attributes
                0x00000000000003fa       0x21 ./Startup/startup_stm32f401retx.o
 .ARM.attributes
                0x000000000000041b       0x34 c:/st/stm32cubeide_1.10.1/stm32cubeide/plugins/com.st.stm32cube.ide.mcu.externaltools.gnu-tools-for-stm32.10.3-2021.10.win32_1.0.0.202111181127/tools/bin/../lib/gcc/arm-none-eabi/10.3.1/../../../../arm-none-eabi/lib/thumb/v7e-m+fp/hard\libc_nano.a(lib_a-init.o)
 .ARM.attributes
                0x000000000000044f       0x34 c:/st/stm32cubeide_1.10.1/stm32cubeide/plugins/com.st.stm32cube.ide.mcu.externaltools.gnu-tools-for-stm32.10.3-2021.10.win32_1.0.0.202111181127/tools/bin/../lib/gcc/arm-none-eabi/10.3.1/../../../../arm-none-eabi/lib/thumb/v7e-m+fp/hard\libc_nano.a(lib_a-memset.o)
 .ARM.attributes
                0x0000000000000483       0x17 c:/st/stm32cubeide_1.10.1/stm32cubeide/plugins/com.st.stm32cube.ide.mcu.externaltools.gnu-tools-for-stm32.10.3-2021.10.win32_1.0.0.202111181127/tools/bin/../lib/gcc/arm-none-eabi/10.3.1/../../../../arm-none-eabi/lib/thumb/v7e-m+fp/hard\libc_nano.a(lib_a-strlen.o)
 .ARM.attributes
                0x000000000000049a       0x1e c:/st/stm32cubeide_1.10.1/stm32cubeide/plugins/com.st.stm32cube.ide.mcu.externaltools.gnu-tools-for-stm32.10.3-2021.10.win32_1.0.0.202111181127/tools/bin/../lib/gcc/arm-none-eabi/10.3.1/thumb/v7e-m+fp/hard/crtn.o
OUTPUT(jig-socket.elf elf32-littlearm)
LOAD linker stubs
LOAD c:/st/stm32cubeide_1.10.1/stm32cubeide/plugins/com.st.stm32cube.ide.mcu.externaltools.gnu-tools-for-stm32.10.3-2021.10.win32_1.0.0.202111181127/tools/bin/../lib/gcc/arm-none-eabi/10.3.1/../../../../arm-none-eabi/lib/thumb/v7e-m+fp/hard\libc.a
LOAD c:/st/stm32cubeide_1.10.1/stm32cubeide/plugins/com.st.stm32cube.ide.mcu.externaltools.gnu-tools-for-stm32.10.3-2021.10.win32_1.0.0.202111181127/tools/bin/../lib/gcc/arm-none-eabi/10.3.1/../../../../arm-none-eabi/lib/thumb/v7e-m+fp/hard\libm.a
LOAD c:/st/stm32cubeide_1.10.1/stm32cubeide/plugins/com.st.stm32cube.ide.mcu.externaltools.gnu-tools-for-stm32.10.3-2021.10.win32_1.0.0.202111181127/tools/bin/../lib/gcc/arm-none-eabi/10.3.1/thumb/v7e-m+fp/hard\libgcc.a

.debug_info     0x0000000000000000     0x86cb
 .debug_info    0x0000000000000000      0x5e6 ./App/Driver/CMSIS/Source/system_stm32f4xx.o
 .debug_info    0x00000000000005e6      0x672 ./App/Driver/STM32F401RE_StdPeriph_Driver/src/stm32f401re_gpio.o
 .debug_info    0x0000000000000c58      0xdee ./App/Driver/STM32F401RE_StdPeriph_Driver/src/stm32f401re_rcc.o
 .debug_info    0x0000000000001a46      0xbfd ./App/Driver/STM32F401RE_StdPeriph_Driver/src/stm32f401re_spi.o
 .debug_info    0x0000000000002643      0x5f1 ./App/Middle/button/button-v1-1.o
 .debug_info    0x0000000000002c34     0x171c ./App/Middle/gui/GUI.o
 .debug_info    0x0000000000004350      0x82a ./App/Middle/lcd/lcd.o
 .debug_info    0x0000000000004b7a      0x384 ./App/Middle/led/led.o
 .debug_info    0x0000000000004efe     0x10a4 ./App/Middle/menu/menu.o
 .debug_info    0x0000000000005fa2      0x9c4 ./App/Middle/rtos/timer.o
 .debug_info    0x0000000000006966      0x359 ./App/Middle/sensor/current-sensor/current-sensor.o
 .debug_info    0x0000000000006cbf      0x3aa ./App/Middle/sensor/proximity-sensor/proximity-sensor.o
 .debug_info    0x0000000000007069      0x326 ./App/Middle/sequence-control/sequence-control.o
 .debug_info    0x000000000000738f      0x5de ./App/Middle/spi/SPI.o
 .debug_info    0x000000000000796d      0x2e2 ./App/Middle/utilities/utilities.o
 .debug_info    0x0000000000007c4f      0x3be ./App/Middle/valve/valve.o
 .debug_info    0x000000000000800d      0x11a ./App/SYSTEM/delay/delay.o
 .debug_info    0x0000000000008127      0x582 ./Src/main.o
 .debug_info    0x00000000000086a9       0x22 ./Startup/startup_stm32f401retx.o

.debug_abbrev   0x0000000000000000     0x1ef4
 .debug_abbrev  0x0000000000000000      0x141 ./App/Driver/CMSIS/Source/system_stm32f4xx.o
 .debug_abbrev  0x0000000000000141      0x1df ./App/Driver/STM32F401RE_StdPeriph_Driver/src/stm32f401re_gpio.o
 .debug_abbrev  0x0000000000000320      0x1d6 ./App/Driver/STM32F401RE_StdPeriph_Driver/src/stm32f401re_rcc.o
 .debug_abbrev  0x00000000000004f6      0x197 ./App/Driver/STM32F401RE_StdPeriph_Driver/src/stm32f401re_spi.o
 .debug_abbrev  0x000000000000068d      0x21b ./App/Middle/button/button-v1-1.o
 .debug_abbrev  0x00000000000008a8      0x2a6 ./App/Middle/gui/GUI.o
 .debug_abbrev  0x0000000000000b4e      0x27a ./App/Middle/lcd/lcd.o
 .debug_abbrev  0x0000000000000dc8      0x16a ./App/Middle/led/led.o
 .debug_abbrev  0x0000000000000f32      0x1cd ./App/Middle/menu/menu.o
 .debug_abbrev  0x00000000000010ff      0x2d8 ./App/Middle/rtos/timer.o
 .debug_abbrev  0x00000000000013d7      0x169 ./App/Middle/sensor/current-sensor/current-sensor.o
 .debug_abbrev  0x0000000000001540      0x169 ./App/Middle/sensor/proximity-sensor/proximity-sensor.o
 .debug_abbrev  0x00000000000016a9      0x159 ./App/Middle/sequence-control/sequence-control.o
 .debug_abbrev  0x0000000000001802      0x197 ./App/Middle/spi/SPI.o
 .debug_abbrev  0x0000000000001999       0xdc ./App/Middle/utilities/utilities.o
 .debug_abbrev  0x0000000000001a75      0x18c ./App/Middle/valve/valve.o
 .debug_abbrev  0x0000000000001c01       0xcb ./App/SYSTEM/delay/delay.o
 .debug_abbrev  0x0000000000001ccc      0x216 ./Src/main.o
 .debug_abbrev  0x0000000000001ee2       0x12 ./Startup/startup_stm32f401retx.o

.debug_aranges  0x0000000000000000      0x800
 .debug_aranges
                0x0000000000000000       0x30 ./App/Driver/CMSIS/Source/system_stm32f4xx.o
 .debug_aranges
                0x0000000000000030       0x88 ./App/Driver/STM32F401RE_StdPeriph_Driver/src/stm32f401re_gpio.o
 .debug_aranges
                0x00000000000000b8      0x198 ./App/Driver/STM32F401RE_StdPeriph_Driver/src/stm32f401re_rcc.o
 .debug_aranges
                0x0000000000000250       0xe0 ./App/Driver/STM32F401RE_StdPeriph_Driver/src/stm32f401re_spi.o
 .debug_aranges
                0x0000000000000330       0x48 ./App/Middle/button/button-v1-1.o
 .debug_aranges
                0x0000000000000378      0x120 ./App/Middle/gui/GUI.o
 .debug_aranges
                0x0000000000000498       0x90 ./App/Middle/lcd/lcd.o
 .debug_aranges
                0x0000000000000528       0x28 ./App/Middle/led/led.o
 .debug_aranges
                0x0000000000000550       0x78 ./App/Middle/menu/menu.o
 .debug_aranges
                0x00000000000005c8       0x70 ./App/Middle/rtos/timer.o
 .debug_aranges
                0x0000000000000638       0x28 ./App/Middle/sensor/current-sensor/current-sensor.o
 .debug_aranges
                0x0000000000000660       0x28 ./App/Middle/sensor/proximity-sensor/proximity-sensor.o
 .debug_aranges
                0x0000000000000688       0x30 ./App/Middle/sequence-control/sequence-control.o
 .debug_aranges
                0x00000000000006b8       0x30 ./App/Middle/spi/SPI.o
 .debug_aranges
                0x00000000000006e8       0x48 ./App/Middle/utilities/utilities.o
 .debug_aranges
                0x0000000000000730       0x30 ./App/Middle/valve/valve.o
 .debug_aranges
                0x0000000000000760       0x28 ./App/SYSTEM/delay/delay.o
 .debug_aranges
                0x0000000000000788       0x50 ./Src/main.o
 .debug_aranges
                0x00000000000007d8       0x28 ./Startup/startup_stm32f401retx.o

.debug_ranges   0x0000000000000000      0x6d8
 .debug_ranges  0x0000000000000000       0x20 ./App/Driver/CMSIS/Source/system_stm32f4xx.o
 .debug_ranges  0x0000000000000020       0x78 ./App/Driver/STM32F401RE_StdPeriph_Driver/src/stm32f401re_gpio.o
 .debug_ranges  0x0000000000000098      0x188 ./App/Driver/STM32F401RE_StdPeriph_Driver/src/stm32f401re_rcc.o
 .debug_ranges  0x0000000000000220       0xd0 ./App/Driver/STM32F401RE_StdPeriph_Driver/src/stm32f401re_spi.o
 .debug_ranges  0x00000000000002f0       0x38 ./App/Middle/button/button-v1-1.o
 .debug_ranges  0x0000000000000328      0x110 ./App/Middle/gui/GUI.o
 .debug_ranges  0x0000000000000438       0x80 ./App/Middle/lcd/lcd.o
 .debug_ranges  0x00000000000004b8       0x18 ./App/Middle/led/led.o
 .debug_ranges  0x00000000000004d0       0x68 ./App/Middle/menu/menu.o
 .debug_ranges  0x0000000000000538       0x60 ./App/Middle/rtos/timer.o
 .debug_ranges  0x0000000000000598       0x18 ./App/Middle/sensor/current-sensor/current-sensor.o
 .debug_ranges  0x00000000000005b0       0x18 ./App/Middle/sensor/proximity-sensor/proximity-sensor.o
 .debug_ranges  0x00000000000005c8       0x20 ./App/Middle/sequence-control/sequence-control.o
 .debug_ranges  0x00000000000005e8       0x20 ./App/Middle/spi/SPI.o
 .debug_ranges  0x0000000000000608       0x38 ./App/Middle/utilities/utilities.o
 .debug_ranges  0x0000000000000640       0x20 ./App/Middle/valve/valve.o
 .debug_ranges  0x0000000000000660       0x18 ./App/SYSTEM/delay/delay.o
 .debug_ranges  0x0000000000000678       0x40 ./Src/main.o
 .debug_ranges  0x00000000000006b8       0x20 ./Startup/startup_stm32f401retx.o

.debug_macro    0x0000000000000000     0xe049
 .debug_macro   0x0000000000000000       0xce ./App/Driver/CMSIS/Source/system_stm32f4xx.o
 .debug_macro   0x00000000000000ce      0xa84 ./App/Driver/CMSIS/Source/system_stm32f4xx.o
 .debug_macro   0x0000000000000b52       0x6b ./App/Driver/CMSIS/Source/system_stm32f4xx.o
 .debug_macro   0x0000000000000bbd       0x3b ./App/Driver/CMSIS/Source/system_stm32f4xx.o
 .debug_macro   0x0000000000000bf8       0x22 ./App/Driver/CMSIS/Source/system_stm32f4xx.o
 .debug_macro   0x0000000000000c1a       0x8e ./App/Driver/CMSIS/Source/system_stm32f4xx.o
 .debug_macro   0x0000000000000ca8       0x51 ./App/Driver/CMSIS/Source/system_stm32f4xx.o
 .debug_macro   0x0000000000000cf9      0x103 ./App/Driver/CMSIS/Source/system_stm32f4xx.o
 .debug_macro   0x0000000000000dfc       0x6a ./App/Driver/CMSIS/Source/system_stm32f4xx.o
 .debug_macro   0x0000000000000e66      0x1df ./App/Driver/CMSIS/Source/system_stm32f4xx.o
 .debug_macro   0x0000000000001045       0x34 ./App/Driver/CMSIS/Source/system_stm32f4xx.o
 .debug_macro   0x0000000000001079       0x26 ./App/Driver/CMSIS/Source/system_stm32f4xx.o
 .debug_macro   0x000000000000109f      0xe43 ./App/Driver/CMSIS/Source/system_stm32f4xx.o
 .debug_macro   0x0000000000001ee2     0x8018 ./App/Driver/CMSIS/Source/system_stm32f4xx.o
 .debug_macro   0x0000000000009efa       0xc3 ./App/Driver/STM32F401RE_StdPeriph_Driver/src/stm32f401re_gpio.o
 .debug_macro   0x0000000000009fbd      0x2ee ./App/Driver/STM32F401RE_StdPeriph_Driver/src/stm32f401re_gpio.o
 .debug_macro   0x000000000000a2ab      0x18d ./App/Driver/STM32F401RE_StdPeriph_Driver/src/stm32f401re_rcc.o
 .debug_macro   0x000000000000a438      0x644 ./App/Driver/STM32F401RE_StdPeriph_Driver/src/stm32f401re_rcc.o
 .debug_macro   0x000000000000aa7c       0xef ./App/Driver/STM32F401RE_StdPeriph_Driver/src/stm32f401re_spi.o
 .debug_macro   0x000000000000ab6b      0x366 ./App/Driver/STM32F401RE_StdPeriph_Driver/src/stm32f401re_spi.o
 .debug_macro   0x000000000000aed1       0xf0 ./App/Middle/button/button-v1-1.o
 .debug_macro   0x000000000000afc1      0x2f4 ./App/Middle/button/button-v1-1.o
 .debug_macro   0x000000000000b2b5       0xb6 ./App/Middle/button/button-v1-1.o
 .debug_macro   0x000000000000b36b      0x10d ./App/Middle/button/button-v1-1.o
 .debug_macro   0x000000000000b478       0x22 ./App/Middle/button/button-v1-1.o
 .debug_macro   0x000000000000b49a       0x82 ./App/Middle/button/button-v1-1.o
 .debug_macro   0x000000000000b51c      0x14e ./App/Middle/button/button-v1-1.o
 .debug_macro   0x000000000000b66a      0x1de ./App/Middle/gui/GUI.o
 .debug_macro   0x000000000000b848       0xf4 ./App/Middle/gui/GUI.o
 .debug_macro   0x000000000000b93c       0x1e ./App/Middle/gui/GUI.o
 .debug_macro   0x000000000000b95a       0x52 ./App/Middle/gui/GUI.o
 .debug_macro   0x000000000000b9ac       0x3c ./App/Middle/gui/GUI.o
 .debug_macro   0x000000000000b9e8       0x34 ./App/Middle/gui/GUI.o
 .debug_macro   0x000000000000ba1c       0x16 ./App/Middle/gui/GUI.o
 .debug_macro   0x000000000000ba32      0x10e ./App/Middle/gui/GUI.o
 .debug_macro   0x000000000000bb40       0x8d ./App/Middle/gui/GUI.o
 .debug_macro   0x000000000000bbcd       0x16 ./App/Middle/gui/GUI.o
 .debug_macro   0x000000000000bbe3       0x43 ./App/Middle/gui/GUI.o
 .debug_macro   0x000000000000bc26       0x34 ./App/Middle/gui/GUI.o
 .debug_macro   0x000000000000bc5a       0x10 ./App/Middle/gui/GUI.o
 .debug_macro   0x000000000000bc6a       0x58 ./App/Middle/gui/GUI.o
 .debug_macro   0x000000000000bcc2       0x71 ./App/Middle/gui/GUI.o
 .debug_macro   0x000000000000bd33       0x1c ./App/Middle/gui/GUI.o
 .debug_macro   0x000000000000bd4f      0x12a ./App/Middle/gui/GUI.o
 .debug_macro   0x000000000000be79      0x341 ./App/Middle/gui/GUI.o
 .debug_macro   0x000000000000c1ba       0x16 ./App/Middle/gui/GUI.o
 .debug_macro   0x000000000000c1d0       0x29 ./App/Middle/gui/GUI.o
 .debug_macro   0x000000000000c1f9      0x112 ./App/Middle/gui/GUI.o
 .debug_macro   0x000000000000c30b       0x16 ./App/Middle/gui/GUI.o
 .debug_macro   0x000000000000c321       0x35 ./App/Middle/gui/GUI.o
 .debug_macro   0x000000000000c356       0x20 ./App/Middle/gui/GUI.o
 .debug_macro   0x000000000000c376      0x1b3 ./App/Middle/lcd/lcd.o
 .debug_macro   0x000000000000c529       0x4c ./App/Middle/lcd/lcd.o
 .debug_macro   0x000000000000c575       0x94 ./App/Middle/lcd/lcd.o
 .debug_macro   0x000000000000c609       0x57 ./App/Middle/lcd/lcd.o
 .debug_macro   0x000000000000c660       0x4c ./App/Middle/lcd/lcd.o
 .debug_macro   0x000000000000c6ac      0x118 ./App/Middle/lcd/lcd.o
 .debug_macro   0x000000000000c7c4       0xcc ./App/Middle/led/led.o
 .debug_macro   0x000000000000c890       0x40 ./App/Middle/led/led.o
 .debug_macro   0x000000000000c8d0      0x305 ./App/Middle/menu/menu.o
 .debug_macro   0x000000000000cbd5      0x148 ./App/Middle/menu/menu.o
 .debug_macro   0x000000000000cd1d       0x16 ./App/Middle/menu/menu.o
 .debug_macro   0x000000000000cd33       0x97 ./App/Middle/menu/menu.o
 .debug_macro   0x000000000000cdca       0xfd ./App/Middle/menu/menu.o
 .debug_macro   0x000000000000cec7       0x10 ./App/Middle/menu/menu.o
 .debug_macro   0x000000000000ced7       0x10 ./App/Middle/menu/menu.o
 .debug_macro   0x000000000000cee7       0x1c ./App/Middle/menu/menu.o
 .debug_macro   0x000000000000cf03       0x52 ./App/Middle/menu/menu.o
 .debug_macro   0x000000000000cf55       0x22 ./App/Middle/menu/menu.o
 .debug_macro   0x000000000000cf77       0x10 ./App/Middle/menu/menu.o
 .debug_macro   0x000000000000cf87       0x52 ./App/Middle/menu/menu.o
 .debug_macro   0x000000000000cfd9       0xd5 ./App/Middle/menu/menu.o
 .debug_macro   0x000000000000d0ae       0x1c ./App/Middle/menu/menu.o
 .debug_macro   0x000000000000d0ca       0x3d ./App/Middle/menu/menu.o
 .debug_macro   0x000000000000d107       0x16 ./App/Middle/menu/menu.o
 .debug_macro   0x000000000000d11d      0x145 ./App/Middle/menu/menu.o
 .debug_macro   0x000000000000d262       0xfa ./App/Middle/menu/menu.o
 .debug_macro   0x000000000000d35c       0x46 ./App/Middle/menu/menu.o
 .debug_macro   0x000000000000d3a2       0x1c ./App/Middle/menu/menu.o
 .debug_macro   0x000000000000d3be       0x22 ./App/Middle/menu/menu.o
 .debug_macro   0x000000000000d3e0       0xe3 ./App/Middle/rtos/timer.o
 .debug_macro   0x000000000000d4c3       0xcc ./App/Middle/sensor/current-sensor/current-sensor.o
 .debug_macro   0x000000000000d58f       0xd2 ./App/Middle/sensor/proximity-sensor/proximity-sensor.o
 .debug_macro   0x000000000000d661       0x1c ./App/Middle/sensor/proximity-sensor/proximity-sensor.o
 .debug_macro   0x000000000000d67d      0x1f2 ./App/Middle/sequence-control/sequence-control.o
 .debug_macro   0x000000000000d86f      0x174 ./App/Middle/sequence-control/sequence-control.o
 .debug_macro   0x000000000000d9e3       0x10 ./App/Middle/sequence-control/sequence-control.o
 .debug_macro   0x000000000000d9f3       0x10 ./App/Middle/sequence-control/sequence-control.o
 .debug_macro   0x000000000000da03       0xde ./App/Middle/spi/SPI.o
 .debug_macro   0x000000000000dae1       0x72 ./App/Middle/utilities/utilities.o
 .debug_macro   0x000000000000db53       0xcc ./App/Middle/valve/valve.o
 .debug_macro   0x000000000000dc1f       0xd6 ./App/SYSTEM/delay/delay.o
 .debug_macro   0x000000000000dcf5      0x328 ./Src/main.o
 .debug_macro   0x000000000000e01d       0x1c ./Src/main.o
 .debug_macro   0x000000000000e039       0x10 ./Src/main.o

.debug_line     0x0000000000000000     0xa776
 .debug_line    0x0000000000000000      0x561 ./App/Driver/CMSIS/Source/system_stm32f4xx.o
 .debug_line    0x0000000000000561      0x7fa ./App/Driver/STM32F401RE_StdPeriph_Driver/src/stm32f401re_gpio.o
 .debug_line    0x0000000000000d5b      0xcd2 ./App/Driver/STM32F401RE_StdPeriph_Driver/src/stm32f401re_rcc.o
 .debug_line    0x0000000000001a2d      0x9fa ./App/Driver/STM32F401RE_StdPeriph_Driver/src/stm32f401re_spi.o
 .debug_line    0x0000000000002427      0xc75 ./App/Middle/button/button-v1-1.o
 .debug_line    0x000000000000309c     0x12f6 ./App/Middle/gui/GUI.o
 .debug_line    0x0000000000004392      0x9f7 ./App/Middle/lcd/lcd.o
 .debug_line    0x0000000000004d89      0x51e ./App/Middle/led/led.o
 .debug_line    0x00000000000052a7     0x13a7 ./App/Middle/menu/menu.o
 .debug_line    0x000000000000664e      0x7f7 ./App/Middle/rtos/timer.o
 .debug_line    0x0000000000006e45      0x584 ./App/Middle/sensor/current-sensor/current-sensor.o
 .debug_line    0x00000000000073c9      0x54d ./App/Middle/sensor/proximity-sensor/proximity-sensor.o
 .debug_line    0x0000000000007916      0xa7c ./App/Middle/sequence-control/sequence-control.o
 .debug_line    0x0000000000008392      0x5d8 ./App/Middle/spi/SPI.o
 .debug_line    0x000000000000896a      0x565 ./App/Middle/utilities/utilities.o
 .debug_line    0x0000000000008ecf      0x545 ./App/Middle/valve/valve.o
 .debug_line    0x0000000000009414      0x592 ./App/SYSTEM/delay/delay.o
 .debug_line    0x00000000000099a6      0xd4c ./Src/main.o
 .debug_line    0x000000000000a6f2       0x84 ./Startup/startup_stm32f401retx.o

.debug_str      0x0000000000000000    0x4590b
 .debug_str     0x0000000000000000    0x356a0 ./App/Driver/CMSIS/Source/system_stm32f4xx.o
                                      0x35829 (size before relaxing)
 .debug_str     0x00000000000356a0     0x5082 ./App/Driver/STM32F401RE_StdPeriph_Driver/src/stm32f401re_gpio.o
                                      0x3a692 (size before relaxing)
 .debug_str     0x000000000003a722      0xbbc ./App/Driver/STM32F401RE_StdPeriph_Driver/src/stm32f401re_rcc.o
                                      0x39a7c (size before relaxing)
 .debug_str     0x000000000003b2de     0x1fc8 ./App/Driver/STM32F401RE_StdPeriph_Driver/src/stm32f401re_spi.o
                                      0x3af15 (size before relaxing)
 .debug_str     0x000000000003d2a6     0x2092 ./App/Middle/button/button-v1-1.o
                                      0x3c5a4 (size before relaxing)
 .debug_str     0x000000000003f338     0x3e71 ./App/Middle/gui/GUI.o
                                      0x394eb (size before relaxing)
 .debug_str     0x00000000000431a9      0x261 ./App/Middle/lcd/lcd.o
                                      0x3e2e1 (size before relaxing)
 .debug_str     0x000000000004340a      0x16a ./App/Middle/led/led.o
                                      0x3a676 (size before relaxing)
 .debug_str     0x0000000000043574     0x18c7 ./App/Middle/menu/menu.o
                                      0x41747 (size before relaxing)
 .debug_str     0x0000000000044e3b      0x5c1 ./App/Middle/rtos/timer.o
                                      0x3946d (size before relaxing)
 .debug_str     0x00000000000453fc       0x47 ./App/Middle/sensor/current-sensor/current-sensor.o
                                      0x3a5fe (size before relaxing)
 .debug_str     0x0000000000045443       0x72 ./App/Middle/sensor/proximity-sensor/proximity-sensor.o
                                      0x3a6b2 (size before relaxing)
 .debug_str     0x00000000000454b5      0x19f ./App/Middle/sequence-control/sequence-control.o
                                      0x3e512 (size before relaxing)
 .debug_str     0x0000000000045654       0x40 ./App/Middle/spi/SPI.o
                                      0x3c97c (size before relaxing)
 .debug_str     0x0000000000045694       0xbc ./App/Middle/utilities/utilities.o
                                       0x3d26 (size before relaxing)
 .debug_str     0x0000000000045750       0x50 ./App/Middle/valve/valve.o
                                      0x3a682 (size before relaxing)
 .debug_str     0x00000000000457a0       0x1c ./App/SYSTEM/delay/delay.o
                                      0x36088 (size before relaxing)
 .debug_str     0x00000000000457bc      0x11e ./Src/main.o
                                      0x412b8 (size before relaxing)
 .debug_str     0x00000000000458da       0x31 ./Startup/startup_stm32f401retx.o
                                         0x6f (size before relaxing)

.comment        0x0000000000000000       0x50
 .comment       0x0000000000000000       0x50 ./App/Driver/CMSIS/Source/system_stm32f4xx.o
                                         0x51 (size before relaxing)
 .comment       0x0000000000000050       0x51 ./App/Driver/STM32F401RE_StdPeriph_Driver/src/stm32f401re_gpio.o
 .comment       0x0000000000000050       0x51 ./App/Driver/STM32F401RE_StdPeriph_Driver/src/stm32f401re_rcc.o
 .comment       0x0000000000000050       0x51 ./App/Driver/STM32F401RE_StdPeriph_Driver/src/stm32f401re_spi.o
 .comment       0x0000000000000050       0x51 ./App/Middle/button/button-v1-1.o
 .comment       0x0000000000000050       0x51 ./App/Middle/gui/GUI.o
 .comment       0x0000000000000050       0x51 ./App/Middle/lcd/lcd.o
 .comment       0x0000000000000050       0x51 ./App/Middle/led/led.o
 .comment       0x0000000000000050       0x51 ./App/Middle/menu/menu.o
 .comment       0x0000000000000050       0x51 ./App/Middle/rtos/timer.o
 .comment       0x0000000000000050       0x51 ./App/Middle/sensor/current-sensor/current-sensor.o
 .comment       0x0000000000000050       0x51 ./App/Middle/sensor/proximity-sensor/proximity-sensor.o
 .comment       0x0000000000000050       0x51 ./App/Middle/sequence-control/sequence-control.o
 .comment       0x0000000000000050       0x51 ./App/Middle/spi/SPI.o
 .comment       0x0000000000000050       0x51 ./App/Middle/utilities/utilities.o
 .comment       0x0000000000000050       0x51 ./App/Middle/valve/valve.o
 .comment       0x0000000000000050       0x51 ./App/SYSTEM/delay/delay.o
 .comment       0x0000000000000050       0x51 ./Src/main.o

.debug_frame    0x0000000000000000     0x1f30
 .debug_frame   0x0000000000000000       0x74 ./App/Driver/CMSIS/Source/system_stm32f4xx.o
 .debug_frame   0x0000000000000074      0x23c ./App/Driver/STM32F401RE_StdPeriph_Driver/src/stm32f401re_gpio.o
 .debug_frame   0x00000000000002b0      0x774 ./App/Driver/STM32F401RE_StdPeriph_Driver/src/stm32f401re_rcc.o
 .debug_frame   0x0000000000000a24      0x3f4 ./App/Driver/STM32F401RE_StdPeriph_Driver/src/stm32f401re_spi.o
 .debug_frame   0x0000000000000e18       0xf8 ./App/Middle/button/button-v1-1.o
 .debug_frame   0x0000000000000f10      0x53c ./App/Middle/gui/GUI.o
 .debug_frame   0x000000000000144c      0x220 ./App/Middle/lcd/lcd.o
 .debug_frame   0x000000000000166c       0x58 ./App/Middle/led/led.o
 .debug_frame   0x00000000000016c4      0x1e4 ./App/Middle/menu/menu.o
 .debug_frame   0x00000000000018a8      0x1a8 ./App/Middle/rtos/timer.o
 .debug_frame   0x0000000000001a50       0x58 ./App/Middle/sensor/current-sensor/current-sensor.o
 .debug_frame   0x0000000000001aa8       0x58 ./App/Middle/sensor/proximity-sensor/proximity-sensor.o
 .debug_frame   0x0000000000001b00       0x88 ./App/Middle/sequence-control/sequence-control.o
 .debug_frame   0x0000000000001b88       0x84 ./App/Middle/spi/SPI.o
 .debug_frame   0x0000000000001c0c      0x100 ./App/Middle/utilities/utilities.o
 .debug_frame   0x0000000000001d0c       0x78 ./App/Middle/valve/valve.o
 .debug_frame   0x0000000000001d84       0x5c ./App/SYSTEM/delay/delay.o
 .debug_frame   0x0000000000001de0      0x104 ./Src/main.o
 .debug_frame   0x0000000000001ee4       0x2c c:/st/stm32cubeide_1.10.1/stm32cubeide/plugins/com.st.stm32cube.ide.mcu.externaltools.gnu-tools-for-stm32.10.3-2021.10.win32_1.0.0.202111181127/tools/bin/../lib/gcc/arm-none-eabi/10.3.1/../../../../arm-none-eabi/lib/thumb/v7e-m+fp/hard\libc_nano.a(lib_a-init.o)
 .debug_frame   0x0000000000001f10       0x20 c:/st/stm32cubeide_1.10.1/stm32cubeide/plugins/com.st.stm32cube.ide.mcu.externaltools.gnu-tools-for-stm32.10.3-2021.10.win32_1.0.0.202111181127/tools/bin/../lib/gcc/arm-none-eabi/10.3.1/../../../../arm-none-eabi/lib/thumb/v7e-m+fp/hard\libc_nano.a(lib_a-memset.o)
