../App/Middle/flash/flash.c:60:6:FLASH_Init	8	static
../App/Middle/flash/flash.c:84:9:FLASH_IsUserDataChange	8	static
../App/Middle/flash/flash.c:88:6:FLASH_RamToFlash	8	static
../App/Middle/flash/flash.c:95:13:FLASH_GetUserData	4	static
../App/Middle/flash/flash.c:99:16:UserData_FindAddress	16	static
../App/Middle/flash/flash.c:110:16:UserData_Clear	8	static
../App/Middle/flash/flash.c:128:16:UserData_Write	24	static
../App/Middle/flash/flash.c:177:13:UserData_Read	24	static
../App/Middle/flash/flash.c:188:13:UserData_Erase	8	static
